AR sr_latch behav "C:/Documents and Settings/user/Desktop/SP_mini_VHDL/sr_latch.vhd" sub00/vhpl02 1153813997
EN sr_latch NULL "C:/Documents and Settings/user/Desktop/SP_mini_VHDL/sr_latch.vhd" sub00/vhpl00 1153813996
AR sr_latch data_flow "C:/Documents and Settings/user/Desktop/SP_mini_VHDL/sr_latch.vhd" sub00/vhpl01 1153807944
